[localhost_58003/index.html]
[backblue.gif]
[fade.gif]
[index.html]
[localhost_58003/alien-UFO-pictures/favicon.gif]
[localhost_58003/alienufodisclosure.css]
[connect.facebook.net/en_US/all.js]
[localhost_58003/Default.html]
[localhost_58003/top/report-ufo-sighting.html]
[platform.twitter.com/widgets.js]
[localhost_58003/research/default.html]
[localhost_58003/Alien/Default.html]
[localhost_58003/UFO/Default.html]
[localhost_58003/contact.html]
[localhost_58003/alien-UFO-pictures/top_the_other_planet.jpg]
[localhost_58003/alien-ufo-pictures/top_top.png]
[localhost_58003/TOP/drake-equation.html]
[localhost_58003/TOP/life-on-other-planet.html]
[localhost_58003/alien-ufo-pictures/top_alien.png]
[localhost_58003/Alien/message-to-aliens.html]
[localhost_58003/Alien/wow-signal.html]
[localhost_58003/alien-ufo-pictures/top_ufo.png]
[localhost_58003/UFO/crop-circles.html]
[localhost_58003/UFO/ufo-sightings.html]
[pagead2.googlesyndication.com/pagead/f.txt]
[localhost_58003/index.html]
[localhost_58003/alien-UFO-pictures/top_horizontal_divider.jpg]
[localhost_58003/alien-UFO-pictures/top_button_01.png]
[localhost_58003/alien-UFO-pictures/top_banner_blank.jpg]
[localhost_58003/alien-UFO-pictures/top_menu_bg.jpg]
[localhost_58003/alien-UFO-pictures/top_content_repeat.jpg]
[localhost_58003/alien-UFO-pictures/top_content_top.jpg]
[localhost_58003/alien-UFO-pictures/top_icon_01.jpg]
[localhost_58003/alien-UFO-pictures/top_footer.jpg]
[localhost_58003/alienufodisclosure.css]
[topalienufo.com/lightbox/js/prototype.html]
[topalienufo.com/lightbox/js/scriptaculousb395.html]
[topalienufo.com/lightbox/js/lightbox.html]
[topalienufo.com/lightbox/css/lightbox.html]
[localhost_58003/facebook-bottombar-HTML.html]
[connect.facebook.net/en_US/all.js]
[localhost_58003/Default.html]
[localhost_58003/alien/Default-2.html]
[localhost_58003/ufo/Default-2.html]
[localhost_58003/top/report-ufo-sighting.html]
[localhost_58003/TOP/report-ufo-sighting-2.html]
[localhost_58003/research/top_survey.html]
[localhost_58003/research/News/Underground-UFO-Bases-at- India-China-Border.html]
[localhost_58003/research/mysteries/TIME.html]
[localhost_58003/research/Default-2.html]
[localhost_58003/research/default.html]
[localhost_58003/Alien/Pioneer-plaques.html]
[localhost_58003/Alien/Arecibo-Message.html]
[localhost_58003/Alien/Voyager-program.html]
[localhost_58003/Alien/vadodara-signal.html]
[localhost_58003/Alien/Default.html]
[localhost_58003/alien-UFO-pictures/ufo/ufo-pictures_sqaudron-of-ufo-pictures_3ufos.png]
[localhost_58003/alien-UFO-pictures/ufo/ufo-pictures_usa-ca-bishop.png]
[localhost_58003/alien-UFO-pictures/ufo/ufo-pictures_belgium-flap.png]
[localhost_58003/alien-UFO-pictures/ufo/ufo-pictures_canada-hamilton .png]
[localhost_58003/alien-UFO-pictures/ufo/ufo-pictures_japan-chiba.png]
[localhost_58003/alien-UFO-pictures/ufo/ufo-pictures__Banswara_Rajasthan_India.jpg]
[localhost_58003/UFO/Default.html]
[localhost_58003/contact.html]
[localhost_58003/TOP/drake-equation.html]
[localhost_58003/TOP/life-on-other-planet.html]
[localhost_58003/alien-UFO-pictures/mta.png]
[localhost_58003/Alien/message-to-aliens.html]
[localhost_58003/alien-UFO-pictures/wow-signal/graph-wow-signal.png]
[localhost_58003/alien-UFO-pictures/wow-signal/the-wow-signal.png]
[localhost_58003/Alien/wow-signal.html]
[localhost_58003/alien-UFO-pictures/crop-circles/crop-circles1.png]
[localhost_58003/alien-UFO-pictures/crop-circles/crop-circles2.png]
[localhost_58003/alien-UFO-pictures/crop-circles/crop-circles3.png]
[localhost_58003/alien-UFO-pictures/crop-circles/crop-circles4.png]
[localhost_58003/alien-UFO-pictures/crop-circles/crop-circles5.png]
[localhost_58003/UFO/crop-circles.html]
[localhost_58003/TOP/report-ufo-sighting-now.html]
[localhost_58003/alien-UFO-pictures/ufo/india/15march_UFO-in-Banswara-Rajasthan-India.jpg]
[localhost_58003/alien-UFO-pictures/ufo/india/UFO-in-Banswara(rajasthan)India.jpg]
[localhost_58003/alien-UFO-pictures/ufo/india/UFO_sighting_Banswara_01.jpg]
[localhost_58003/alien-UFO-pictures/ufo/india/UFO_sighting_Banswara_02.jpg]
[localhost_58003/UFO/ufo-sightings.html]
[localhost_58003/alien-UFO-pictures/top_menu_divider.html]
[localhost_58003/ABCDEFGHIJKLMNOPQRSTUVWXYZabcdefghijklmnopqrstuvwxyz0123456789+/index.html]
[localhost_58003/restserver.html]
[localhost_58003/dialog/index.html]
[localhost_58003/alien/Pioneer-plaques-2.html]
[localhost_58003/alien/Arecibo-Message-2.html]
[localhost_58003/alien/Voyager-program-2.html]
[localhost_58003/alien/message-to-aliens-2.html]
[localhost_58003/alien/wow-signal-2.html]
[localhost_58003/alien/vadodara-signal-2.html]
[localhost_58003/alien/Default-2.html]
[localhost_58003/ufo/crop-circles-2.html]
[localhost_58003/ufo/ufo-sightings-2.html]
[localhost_58003/ufo/Default-2.html]
[topalienufo.com/alien-UFO-pictures/top-middle.html]
[localhost_58003/TOP/report-ufo-sighting-2.html]
[localhost_58003/alien-UFO-pictures/what-do-you-think.png]
[localhost_58003/research/top_survey.html]
[localhost_58003/research/News/Underground-UFO-Bases-at- India-China-Border.html]
[localhost_58003/research/mysteries/TIME.html]
[localhost_58003/research/Default-2.html]
[localhost_58003/alien-UFO-pictures/pioneer.png]
[localhost_58003/Alien/Pioneer-plaques.html]
[localhost_58003/Alien/Arecibo-Message.html]
[localhost_58003/alien-UFO-pictures/voyager.png]
[localhost_58003/Alien/Voyager-program.html]
[localhost_58003/Alien/vadodara-signal.html]
[localhost_58003/WebResourcee89d.js]
[localhost_58003/WebResource543e.js]
[localhost_58003/lightbox.html]
[localhost_58003/TOP-Alien-UFO-Images/Report UFO Sighting India.jpg]
[localhost_58003/TOP/report-ufo-sighting-now.html]
[localhost_58003/alien/Pioneer-plaques-2.html]
[localhost_58003/alien/Arecibo-Message-2.html]
[localhost_58003/alien/Voyager-program-2.html]
[localhost_58003/alien/message-to-aliens-2.html]
[localhost_58003/alien/wow-signal-2.html]
[localhost_58003/alien/vadodara-signal-2.html]
[localhost_58003/ufo/crop-circles-2.html]
[localhost_58003/ufo/ufo-sightings-2.html]
[localhost_58003/research/top/report-ufo-sighting.html]
[localhost_58003/POST.html]
